TAP version 13
# Subtest: v1.7.5 durable checkpoint steady state keeps primary plus one verified slot
ok 1 - v1.7.5 durable checkpoint steady state keeps primary plus one verified slot
  ---
  duration_ms: 11.527842
  type: 'test'
  ...
# Subtest: v1.7.5 checkpoint compactor removes an older duplicate slot without changing the record
ok 2 - v1.7.5 checkpoint compactor removes an older duplicate slot without changing the record
  ---
  duration_ms: 4.673366
  type: 'test'
  ...
# Subtest: v1.7.5 high-water retention deletes oldest unbound workers first and preserves live workers
ok 3 - v1.7.5 high-water retention deletes oldest unbound workers first and preserves live workers
  ---
  duration_ms: 16.828256
  type: 'test'
  ...
# Subtest: v1.7.5 retention is a no-op below the high-water trigger
ok 4 - v1.7.5 retention is a no-op below the high-water trigger
  ---
  duration_ms: 3.72607
  type: 'test'
  ...
1..4
# tests 4
# suites 0
# pass 4
# fail 0
# cancelled 0
# skipped 0
# todo 0
# duration_ms 108.60246
