TAP version 13
# Subtest: v1.8.14 reproduction: quantum 1/1 complete -> next GFW without Nano/Hjalmar
ok 1 - v1.8.14 reproduction: quantum 1/1 complete -> next GFW without Nano/Hjalmar
  ---
  duration_ms: 679.810972
  type: 'test'
  ...
# Subtest: v1.8.14: 15/15 complete is a boundary as well
ok 2 - v1.8.14: 15/15 complete is a boundary as well
  ---
  duration_ms: 556.568035
  type: 'test'
  ...
# Subtest: v1.8.14: the answer's own YIELD_TO_QUEUE before the quantum ends skips analysis and keeps quantum progress
ok 3 - v1.8.14: the answer's own YIELD_TO_QUEUE before the quantum ends skips analysis and keeps quantum progress
  ---
  duration_ms: 473.300867
  type: 'test'
  ...
# Subtest: v1.8.14: CONTINUE / PAUSE_PROCESS 3600 s at 1/1 (the reported screen) parks with the pause, no analysis
ok 4 - v1.8.14: CONTINUE / PAUSE_PROCESS 3600 s at 1/1 (the reported screen) parks with the pause, no analysis
  ---
  duration_ms: 508.93335
  type: 'test'
  ...
# Subtest: v1.8.14: inside the quantum (1/3, KEEP) the answer is analysed and the next prompt is planned as before
ok 5 - v1.8.14: inside the quantum (1/3, KEEP) the answer is analysed and the next prompt is planned as before
  ---
  duration_ms: 460.18266
  type: 'test'
  ...
# Subtest: v1.8.14: no other runnable slot -> analysed (this slot continues and needs a planned prompt)
ok 6 - v1.8.14: no other runnable slot -> analysed (this slot continues and needs a planned prompt)
  ---
  duration_ms: 447.499009
  type: 'test'
  ...
# Subtest: v1.8.14: a NANO_TASK request at the boundary is still executed through the analysis path
ok 7 - v1.8.14: a NANO_TASK request at the boundary is still executed through the analysis path
  ---
  duration_ms: 448.574898
  type: 'test'
  ...
# Subtest: v1.8.14: status DONE at the boundary is decided by the full path (the GFW is retired)
ok 8 - v1.8.14: status DONE at the boundary is decided by the full path (the GFW is retired)
  ---
  duration_ms: 480.845946
  type: 'test'
  ...
# Subtest: v1.8.14: a waiting operator instruction keeps the analysis
ok 9 - v1.8.14: a waiting operator instruction keeps the analysis
  ---
  duration_ms: 510.21172
  type: 'test'
  ...
# Subtest: v1.8.14: a plain-text answer without A2A control is analysed
ok 10 - v1.8.14: a plain-text answer without A2A control is analysed
  ---
  duration_ms: 500.489035
  type: 'test'
  ...
# Subtest: v1.8.14: runtime control in the boundary answer is still applied (SET_PRIORITY LOW), without analysis
ok 11 - v1.8.14: runtime control in the boundary answer is still applied (SET_PRIORITY LOW), without analysis
  ---
  duration_ms: 534.103709
  type: 'test'
  ...
# Subtest: v1.8.14: the AI cannot raise priority above the operator's at the boundary either (rejected with a receipt)
ok 12 - v1.8.14: the AI cannot raise priority above the operator's at the boundary either (rejected with a receipt)
  ---
  duration_ms: 567.601112
  type: 'test'
  ...
# Subtest: v1.8.14 policy: only a certain queue boundary with structured CONTINUE skips analysis
ok 13 - v1.8.14 policy: only a certain queue boundary with structured CONTINUE skips analysis
  ---
  duration_ms: 0.600895
  type: 'test'
  ...
# Subtest: v1.8.14 E2E: the parked GFW comes back with a valid FULL resume prompt built from the answer's own next step
ok 14 - v1.8.14 E2E: the parked GFW comes back with a valid FULL resume prompt built from the answer's own next step
  ---
  duration_ms: 1114.722426
  type: 'test'
  ...
1..14
# tests 14
# suites 0
# pass 14
# fail 0
# cancelled 0
# skipped 0
# todo 0
# duration_ms 7424.289624
