TAP version 13
# Subtest: v1.8.10 repro: v1.8.9's page view after a real send holds DISPATCH_EFFECT_UNRESOLVED with no resend
ok 1 - v1.8.10 repro: v1.8.9's page view after a real send holds DISPATCH_EFFECT_UNRESOLVED with no resend
  ---
  duration_ms: 614.572636
  type: 'test'
  ...
# Subtest: v1.8.10: the stuck process resolves itself once content sees the app-shell user message (ordinal 0 + id), no resend
ok 2 - v1.8.10: the stuck process resolves itself once content sees the app-shell user message (ordinal 0 + id), no resend
  ---
  duration_ms: 367.886427
  type: 'test'
  ...
# Subtest: v1.8.10 reconciliation: the diagnostics' dispatch record, v1.8.9 view vs v1.8.10 view of the same page
ok 3 - v1.8.10 reconciliation: the diagnostics' dispatch record, v1.8.9 view vs v1.8.10 view of the same page
  ---
  duration_ms: 0.471298
  type: 'test'
  ...
# Subtest: v1.8.10 content reads ChatGPT's app-shell thread (build read 2026-09-26)
ok 4 - v1.8.10 content reads ChatGPT's app-shell thread (build read 2026-09-26)
  ---
  duration_ms: 0.755946
  type: 'test'
  ...
1..4
# tests 4
# suites 0
# pass 4
# fail 0
# cancelled 0
# skipped 0
# todo 0
# duration_ms 1080.273479
