TAP version 13
# Subtest: v1.9.2 vault: Drift settings are a second, independent section in the run-requirements folder
ok 1 - v1.9.2 vault: Drift settings are a second, independent section in the run-requirements folder
  ---
  duration_ms: 13.364465
  type: 'test'
  ...
# Subtest: v1.9.2 vault: a clamped, mistyped or incomplete value, or a missing save time, is refused
ok 2 - v1.9.2 vault: a clamped, mistyped or incomplete value, or a missing save time, is refused
  ---
  duration_ms: 3.42555
  type: 'test'
  ...
# Subtest: v1.9.2 merge: per setting, the newest save wins; never-saved defaults never seed
ok 3 - v1.9.2 merge: per setting, the newest save wins; never-saved defaults never seed
  ---
  duration_ms: 1.555039
  type: 'test'
  ...
# Subtest: v1.9.2 settings: an operator save stamps exactly the changed settings; the stamp cannot be injected
ok 4 - v1.9.2 settings: an operator save stamps exactly the changed settings; the stamp cannot be injected
  ---
  duration_ms: 3.421297
  type: 'test'
  ...
# Subtest: v1.9.2 settings: a save never goes behind a known save time from a clock that ran fast (round-2 review finding)
ok 5 - v1.9.2 settings: a save never goes behind a known save time from a clock that ran fast (round-2 review finding)
  ---
  duration_ms: 1.016289
  type: 'test'
  ...
# Subtest: v1.9.2 a vault time days ahead of this clock never reverts the operator's save (final review finding, reproduced)
ok 6 - v1.9.2 a vault time days ahead of this clock never reverts the operator's save (final review finding, reproduced)
  ---
  duration_ms: 209.059004
  type: 'test'
  ...
# Subtest: v1.9.2 a save made under a clock 10 days fast is outranked by a later save once the clock is corrected (final review finding, reproduced)
ok 7 - v1.9.2 a save made under a clock 10 days fast is outranked by a later save once the clock is corrected (final review finding, reproduced)
  ---
  duration_ms: 2.867953
  type: 'test'
  ...
# Subtest: v1.9.2 settings: the local reconciliation changes only the Drift settings and merges a save made meanwhile
ok 8 - v1.9.2 settings: the local reconciliation changes only the Drift settings and merges a save made meanwhile
  ---
  duration_ms: 0.829913
  type: 'test'
  ...
# Subtest: v1.9.2 lock: startup's work-mode write and the vault reconciliation never lose each other's fields
ok 9 - v1.9.2 lock: startup's work-mode write and the vault reconciliation never lose each other's fields
  ---
  duration_ms: 54.593367
  type: 'test'
  ...
# Subtest: v1.9.2 lock: the panel's saved-mission sync no longer writes back stale Drift settings over an adoption (review finding, reproduced)
ok 10 - v1.9.2 lock: the panel's saved-mission sync no longer writes back stale Drift settings over an adoption (review finding, reproduced)
  ---
  duration_ms: 41.325394
  type: 'test'
  ...
# Subtest: v1.9.2 reported case: Drift settings saved in one folder are restored when Greenfield is loaded from a new folder
ok 11 - v1.9.2 reported case: Drift settings saved in one folder are restored when Greenfield is loaded from a new folder
  ---
  duration_ms: 272.955581
  type: 'test'
  ...
# Subtest: v1.9.2 negative control: a new folder in another profile starts from the defaults
ok 12 - v1.9.2 negative control: a new folder in another profile starts from the defaults
  ---
  duration_ms: 374.114654
  type: 'test'
  ...
# Subtest: v1.9.2 upgrade in place: values saved before 1.9.2 seed the vault, then follow to a new folder
ok 13 - v1.9.2 upgrade in place: values saved before 1.9.2 seed the vault, then follow to a new folder
  ---
  duration_ms: 271.960538
  type: 'test'
  ...
# Subtest: v1.9.2 per-setting newest save wins across two installation folders
ok 14 - v1.9.2 per-setting newest save wins across two installation folders
  ---
  duration_ms: 527.266821
  type: 'test'
  ...
# Subtest: v1.9.2 a failed startup read followed by a one-setting save keeps the vault's other settings (review finding, reproduced)
ok 15 - v1.9.2 a failed startup read followed by a one-setting save keeps the vault's other settings (review finding, reproduced)
  ---
  duration_ms: 144.529425
  type: 'test'
  ...
# Subtest: v1.9.2 a vault updated by another installation mid-session is not reverted by a one-setting save (review finding, reproduced)
ok 16 - v1.9.2 a vault updated by another installation mid-session is not reverted by a one-setting save (review finding, reproduced)
  ---
  duration_ms: 283.457515
  type: 'test'
  ...
# Subtest: v1.9.2 a failed vault write keeps the local save, is reported, and is retried at the next start
ok 17 - v1.9.2 a failed vault write keeps the local save, is reported, and is retried at the next start
  ---
  duration_ms: 426.470026
  type: 'test'
  ...
# Subtest: v1.9.2 the pause is saved by the background, only on request of the side panel
ok 18 - v1.9.2 the pause is saved by the background, only on request of the side panel
  ---
  duration_ms: 114.480886
  type: 'test'
  ...
# Subtest: v1.9.2 the two sections restore independently and a broken store never blocks startup
ok 19 - v1.9.2 the two sections restore independently and a broken store never blocks startup
  ---
  duration_ms: 371.98919
  type: 'test'
  ...
# Subtest: v1.9.2 a worker restart in the same browser session reuses the settled result (no bookmark read)
ok 20 - v1.9.2 a worker restart in the same browser session reuses the settled result (no bookmark read)
  ---
  duration_ms: 377.846179
  type: 'test'
  ...
# Subtest: v1.9.2 two committed copies (Chrome Sync) are combined setting by setting
ok 21 - v1.9.2 two committed copies (Chrome Sync) are combined setting by setting
  ---
  duration_ms: 1.038076
  type: 'test'
  ...
# Subtest: v1.9.2 two legacy installations: a real old value is never replaced by the other's carried default (round-2 review finding)
ok 22 - v1.9.2 two legacy installations: a real old value is never replaced by the other's carried default (round-2 review finding)
  ---
  duration_ms: 344.862503
  type: 'test'
  ...
# Subtest: v1.9.2 a form that resends unchanged fields cannot overwrite a newer value from another installation
ok 23 - v1.9.2 a form that resends unchanged fields cannot overwrite a newer value from another installation
  ---
  duration_ms: 268.700444
  type: 'test'
  ...
# Subtest: v1.9.2 two copies with equal times are combined the same way on every machine and written back as one
ok 24 - v1.9.2 two copies with equal times are combined the same way on every machine and written back as one
  ---
  duration_ms: 122.340042
  type: 'test'
  ...
# Subtest: v1.9.2 backup restore keeps, per setting, whichever of the installation and the backup was saved later
ok 25 - v1.9.2 backup restore keeps, per setting, whichever of the installation and the backup was saved later
  ---
  duration_ms: 4.016949
  type: 'test'
  ...
# Subtest: v1.9.2 a reconciliation that outlives its 8 s limit still finishes before the next one starts (round-2 review finding)
ok 26 - v1.9.2 a reconciliation that outlives its 8 s limit still finishes before the next one starts (round-2 review finding)
  ---
  duration_ms: 129.817829
  type: 'test'
  ...
1..26
# tests 26
# suites 0
# pass 26
# fail 0
# cancelled 0
# skipped 0
# todo 0
# duration_ms 4508.612216
